// Jest Snapshot v1, https://goo.gl/fbAQLP

exports[`Button - render correctly 1`] = `
<View
  accessibilityState={
    {
      "busy": undefined,
      "checked": undefined,
      "disabled": undefined,
      "expanded": undefined,
      "selected": undefined,
    }
  }
  accessibilityValue={
    {
      "max": undefined,
      "min": undefined,
      "now": undefined,
      "text": undefined,
    }
  }
  accessible={true}
  collapsable={false}
  focusable={true}
  onClick={[Function]}
  onResponderGrant={[Function]}
  onResponderMove={[Function]}
  onResponderRelease={[Function]}
  onResponderTerminate={[Function]}
  onResponderTerminationRequest={[Function]}
  onStartShouldSetResponder={[Function]}
  style={
    {
      "backgroundColor": "#334FFA",
      "borderRadius": 10,
      "opacity": 1,
    }
  }
>
  <Text
    style={
      [
        {
          "fontFamily": "avenir",
        },
        [
          {
            "alignSelf": "center",
            "color": "white",
            "fontSize": 16,
            "fontWeight": "800",
            "lineHeight": 22,
            "paddingVertical": 14,
          },
          undefined,
          undefined,
        ],
      ]
    }
  >
    Hello Femsa
  </Text>
</View>
`;
