// Jest Snapshot v1, https://goo.gl/fbAQLP

exports[`Text - render correctly 1`] = `
<Text
  style={
    [
      {
        "fontFamily": "avenir",
      },
      undefined,
    ]
  }
>
  Hello Femsa!
</Text>
`;
