// Jest Snapshot v1, https://goo.gl/fbAQLP

exports[`MovementItem Render correctly 1`] = `
<View
  accessibilityState={
    {
      "busy": undefined,
      "checked": undefined,
      "disabled": undefined,
      "expanded": undefined,
      "selected": undefined,
    }
  }
  accessibilityValue={
    {
      "max": undefined,
      "min": undefined,
      "now": undefined,
      "text": undefined,
    }
  }
  accessible={true}
  collapsable={false}
  focusable={true}
  onClick={[Function]}
  onResponderGrant={[Function]}
  onResponderMove={[Function]}
  onResponderRelease={[Function]}
  onResponderTerminate={[Function]}
  onResponderTerminationRequest={[Function]}
  onStartShouldSetResponder={[Function]}
  style={
    {
      "alignItems": "center",
      "flexDirection": "row",
      "opacity": 1,
      "paddingBottom": 20,
      "paddingHorizontal": 20,
    }
  }
>
  <View
    style={
      {
        "borderRadius": 10,
        "height": 55,
        "marginRight": 11,
        "overflow": "hidden",
        "width": 55,
      }
    }
  >
    <Image
      onLoadEnd={[Function]}
      source={
        {
          "uri": "https://loremflickr.com/640/480/technics",
        }
      }
      style={
        [
          {},
          {
            "flex": 1,
          },
        ]
      }
    />
    <View
      style={
        {
          "alignItems": "center",
          "height": "100%",
          "justifyContent": "center",
          "position": "absolute",
          "width": "100%",
        }
      }
    >
      <ActivityIndicator
        color="rgba(0,0,0,0.5)"
      />
    </View>
  </View>
  <View
    style={
      {
        "flex": 1,
      }
    }
  >
    <Text
      style={
        [
          {
            "fontFamily": "avenir",
          },
          {
            "fontSize": 14,
            "fontWeight": "800",
            "marginBottom": 7,
          },
        ]
      }
    >
      Fantastic Granite Bacon
    </Text>
    <Text
      style={
        [
          {
            "fontFamily": "avenir",
          },
          {
            "fontSize": 12,
            "fontWeight": "400",
          },
        ]
      }
    >
      09 de December, 2022
    </Text>
  </View>
  <Text
    style={
      [
        {
          "fontFamily": "avenir",
        },
        {
          "fontSize": 16,
          "fontWeight": "800",
          "lineHeight": 22,
          "marginRight": 23,
        },
      ]
    }
  >
    <Text
      style={
        [
          {
            "fontFamily": "avenir",
          },
          {
            "color": "#00B833",
            "fontSize": 16,
            "fontStyle": "normal",
            "fontWeight": "800",
            "lineHeight": 22,
          },
        ]
      }
    >
      +
    </Text>
    42416
  </Text>
  <View
    style={{}}
  >
    <Image
      onLoadEnd={[Function]}
      source={
        {
          "testUri": "../../../src/assets/images/subtract.png",
        }
      }
      style={
        [
          {},
          {
            "height": 10,
            "width": 10,
          },
        ]
      }
    />
    <View
      style={
        {
          "alignItems": "center",
          "height": "100%",
          "justifyContent": "center",
          "position": "absolute",
          "width": "100%",
        }
      }
    >
      <ActivityIndicator
        color="rgba(0,0,0,0.5)"
      />
    </View>
  </View>
</View>
`;
